---
source: src/iomem.rs
expression: "split_ranges(vec![0..30; 1], 10)"
---
[
  {
    "start": 0,
    "end": 10
  },
  {
    "start": 10,
    "end": 20
  },
  {
    "start": 20,
    "end": 30
  }
]
