---
source: src/disk_usage.rs
expression: "estimate(&[0..1024 * 1024, (1024 * 1024) + 10..(1024 * 1024 * 1024)])"
---
1073946614
